[preview.colorlib.com/theme/bee/index.html]
[backblue.gif]
[fade.gif]
[index.html]
[preview.colorlib.com/theme/bee/about.html]
[preview.colorlib.com/theme/bee/css/open-iconic-bootstrap.min.css+animate.css+owl.carousel.min.css+owl.theme.default.min.css+magnific-popup.css+aos.css+ionicons.min.css+bootstrap-datepicker.css+jquery.timepicker.css+flaticon]
[preview.colorlib.com/theme/bee/project.html]
[preview.colorlib.com/theme/bee/blog.html]
[preview.colorlib.com/theme/bee/contact.html]
[preview.colorlib.com/theme/bee/images/bg_1.jpg]
[preview.colorlib.com/theme/bee/images/bg_2.jpg]
[preview.colorlib.com/theme/bee/images/bg_3.jpg]
[preview.colorlib.com/theme/bee/images/team-1.jpg]
[preview.colorlib.com/theme/bee/images/team-2.jpg]
[preview.colorlib.com/theme/bee/images/team-3.jpg]
[preview.colorlib.com/theme/bee/images/team-4.jpg]
[preview.colorlib.com/theme/bee/images/work-1.jpg]
[preview.colorlib.com/theme/bee/images/work-2.jpg]
[preview.colorlib.com/theme/bee/images/work-3.jpg]
[preview.colorlib.com/theme/bee/images/work-4.jpg]
[preview.colorlib.com/theme/bee/images/work-5.jpg]
[preview.colorlib.com/theme/bee/images/work-6.jpg]
[preview.colorlib.com/theme/bee/images/work-7.jpg]
[preview.colorlib.com/theme/bee/images/work-8.jpg]
[preview.colorlib.com/theme/bee/images/person_1.jpg]
[preview.colorlib.com/theme/bee/images/person_2.jpg]
[preview.colorlib.com/theme/bee/images/person_3.jpg]
[preview.colorlib.com/theme/bee/images/person_4.jpg]
[preview.colorlib.com/theme/bee/blog-single.html]
[preview.colorlib.com/theme/bee/images/image_1.jpg]
[preview.colorlib.com/theme/bee/images/image_2.jpg]
[preview.colorlib.com/theme/bee/images/image_3.jpg]
[preview.colorlib.com/theme/bee/js/jquery.min.js]
[preview.colorlib.com/theme/bee/js/jquery-migrate-3.0.1.min.js+popper.min.js+bootstrap.min.js.pagespeed.jc.T2QFoatjUG.js]
[preview.colorlib.com/theme/bee/js/jquery.easing.1.3.js+jquery.waypoints.min.js+jquery.stellar.min.js+owl.carousel.min.js.pagespeed.jc.DNZ7I5pOV1.js]
[preview.colorlib.com/theme/bee/js/jquery.magnific-popup.min.js+aos.js+jquery.animateNumber.min.js+bootstrap-datepicker.js.pagespeed.jc.YrJfe2UYW0.js]
[preview.colorlib.com/theme/bee/index.html]
[preview.colorlib.com/theme/bee/js/jquery.timepicker.min.js+scrollax.min.js+google-map.js+main.js.pagespeed.jc.CdzPutODqr.js]
[preview.colorlib.com/theme/bee/fonts/open-iconic/open-iconic.eot]
[preview.colorlib.com/theme/bee/fonts/open-iconic/open-iconicd41d.eot]
[preview.colorlib.com/theme/bee/fonts/open-iconic/open-iconic.woff]
[preview.colorlib.com/theme/bee/fonts/open-iconic/open-iconic.ttf]
[preview.colorlib.com/theme/bee/fonts/open-iconic/open-iconic.otf]
[preview.colorlib.com/theme/bee/fonts/open-iconic/open-iconic.svg]
[preview.colorlib.com/theme/bee/css/owl.video.play.png]
[preview.colorlib.com/theme/bee/fonts/ionicons/fonts/ionicons580c.eot]
[preview.colorlib.com/theme/bee/fonts/ionicons/fonts/ionicons580c.woff2]
[preview.colorlib.com/theme/bee/fonts/ionicons/fonts/ionicons580c.woff]
[preview.colorlib.com/theme/bee/fonts/ionicons/fonts/ionicons580c.ttf]
[preview.colorlib.com/theme/bee/fonts/ionicons/fonts/ionicons580c.svg]
[preview.colorlib.com/theme/bee/fonts/flaticon/font/Flaticon.eot]
[preview.colorlib.com/theme/bee/fonts/flaticon/font/Flaticond41d.eot]
[preview.colorlib.com/theme/bee/fonts/flaticon/font/Flaticon.woff]
[preview.colorlib.com/theme/bee/fonts/flaticon/font/Flaticon.ttf]
[preview.colorlib.com/theme/bee/fonts/icomoon/icomoonccfb.eot]
[preview.colorlib.com/theme/bee/fonts/icomoon/icomoonccfb.ttf]
[preview.colorlib.com/theme/bee/fonts/icomoon/icomoonccfb.woff]
[preview.colorlib.com/theme/bee/css/open-iconic-bootstrap.min.css+animate.css+owl.carousel.min.css+owl.theme.default.min.css+magnific-popup.css+aos.css+ionicons.min.css+bootstrap-datepicker.css+jquery.timepicker.css+flaticon]
[preview.colorlib.com/theme/bee/about.html]
[preview.colorlib.com/theme/bee/fonts/flaticon/font/Flaticon.svg]
[preview.colorlib.com/theme/bee/css/A.open-iconic-bootstrap.min.css+animate.css+owl.carousel.min.css+owl.theme.default.min.css+magnific-popup.css+aos.css+ionicons.min.css+bootstrap-datepicker.css+jquery.timepicker.css+flatico]
[preview.colorlib.com/theme/bee/fonts/icomoon/icomoonccfb.svg]
[preview.colorlib.com/theme/bee/images/xbg_1.jpg.pagespeed.ic.6vPA6QNezT.jpg]
[preview.colorlib.com/theme/bee/images/xwork-1.jpg.pagespeed.ic.h1IXPukaCg.jpg]
[preview.colorlib.com/theme/bee/images/xwork-2.jpg.pagespeed.ic.dr76cxYQC7.jpg]
[preview.colorlib.com/theme/bee/images/xwork-3.jpg.pagespeed.ic.b19mKwqJwd.jpg]
[preview.colorlib.com/theme/bee/images/xwork-4.jpg.pagespeed.ic.33T86iu_Ld.jpg]
[preview.colorlib.com/theme/bee/images/xwork-5.jpg.pagespeed.ic.KPmQn3G91i.jpg]
[preview.colorlib.com/theme/bee/images/xwork-6.jpg.pagespeed.ic.LuZY1UWClv.jpg]
[preview.colorlib.com/theme/bee/images/xwork-7.jpg.pagespeed.ic.-PbG3fKKDu.jpg]
[preview.colorlib.com/theme/bee/images/xwork-8.jpg.pagespeed.ic.cCStSDjqOo.jpg]
[preview.colorlib.com/theme/bee/images/work-9.jpg]
[preview.colorlib.com/theme/bee/images/work-10.jpg]
[preview.colorlib.com/theme/bee/images/work-11.jpg]
[preview.colorlib.com/theme/bee/images/work-12.jpg]
[preview.colorlib.com/theme/bee/project.html]
[preview.colorlib.com/theme/bee/images/ximage_1.jpg.pagespeed.ic.c44XFxR9me.jpg]
[preview.colorlib.com/theme/bee/images/ximage_2.jpg.pagespeed.ic.w4oamnrTt_.jpg]
[preview.colorlib.com/theme/bee/images/image_4.jpg]
[preview.colorlib.com/theme/bee/images/image_5.jpg]
[preview.colorlib.com/theme/bee/images/image_6.jpg]
[preview.colorlib.com/theme/bee/blog.html]
[preview.colorlib.com/theme/bee/contact.html]
[preview.colorlib.com/theme/bee/images/xperson_1.jpg.pagespeed.ic.P4pHl6glbj.jpg]
[preview.colorlib.com/theme/bee/images/ximage_3.jpg.pagespeed.ic.pTiCgV365f.jpg]
[preview.colorlib.com/theme/bee/blog-single.html]
[preview.colorlib.com/theme/bee/fonts/open-iconic/open-iconic.svg]
[preview.colorlib.com/theme/bee/css/owl.video.play.html]
[preview.colorlib.com/theme/bee/fonts/ionicons/fonts/ionicons580c.svg]
[preview.colorlib.com/theme/bee/fonts/flaticon/font/Flaticon.svg]
[preview.colorlib.com/theme/bee/fonts/icomoon/icomoonccfb.svg]
[preview.colorlib.com/theme/bee/css/A.open-iconic-bootstrap.min.css+animate.css+owl.carousel.min.css+owl.theme.default.min.css+magnific-popup.css+aos.css+ionicons.min.css+bootstrap-datepicker.css+jquery.timepicker.css+flatico]
